// Vitest Snapshot v1, https://vitest.dev/guide/snapshot.html

exports[`resolved prerequisite graph > matches the committed snapshot 1`] = `
"read-numbers ← (root)
place-value-tens ← read-numbers
place-value-hundreds ← place-value-tens
expanded-form ← place-value-hundreds
compare-numbers ← expanded-form
order-numbers ← compare-numbers
round-to-10 ← order-numbers
round-to-100 ← round-to-10
add-facts-small ← round-to-100
add-facts ← add-facts-small
add-tens ← add-facts
add-2digit-nocarry ← add-tens
add-2digit-carry ← add-2digit-nocarry
add-3digit ← add-2digit-carry
add-three-numbers ← add-3digit
add-words ← add-three-numbers
sub-facts-small ← add-words
sub-facts ← sub-facts-small
sub-tens ← sub-facts
sub-2digit-noborrow ← sub-tens
sub-2digit-borrow ← sub-2digit-noborrow
sub-3digit-borrow ← sub-2digit-borrow
sub-across-zero ← sub-3digit-borrow
sub-words ← sub-across-zero
mult-meaning ← sub-words
times-2 ← mult-meaning
times-10 ← times-2
times-5 ← times-10
times-3 ← times-5
times-4 ← times-3
times-6 ← times-4
times-9 ← times-6
times-7-8 ← times-9
times-mixed ← times-7-8
mult-by-10-100 ← times-mixed
mult-2by1 ← mult-by-10-100
mult-2by2 ← mult-2by1
mult-words ← mult-2by2
div-meaning ← mult-words
div-facts ← div-meaning
div-remainder ← div-facts
div-by-10-100 ← div-remainder
long-div-1digit ← div-by-10-100
long-div-remainder ← long-div-1digit
long-div-2digit ← long-div-remainder
factors ← long-div-2digit
multiples ← factors
primes ← multiples
div-words ← primes
two-operations ← div-words
with-parentheses ← two-operations
pemdas ← with-parentheses
negatives-numberline ← pemdas
compare-negatives ← negatives-numberline
add-neg-pos ← compare-negatives
add-two-negs ← add-neg-pos
sub-negatives ← add-two-negs
mult-negatives ← sub-negatives
div-negatives ← mult-negatives
absolute-value ← div-negatives
negatives-mixed ← absolute-value
fraction-meaning ← negatives-mixed
fraction-of-shape ← fraction-meaning
name-parts ← fraction-of-shape
fractions-numberline ← name-parts
equivalent-visual ← fractions-numberline
equivalent-multiply ← equivalent-visual
simplify-fractions ← equivalent-multiply
compare-same-den ← simplify-fractions
compare-diff-den ← compare-same-den
add-frac-same-den ← compare-diff-den
sub-frac-same-den ← add-frac-same-den
common-denominator ← sub-frac-same-den
add-frac-diff-den ← common-denominator
sub-frac-diff-den ← add-frac-diff-den
improper-to-mixed ← sub-frac-diff-den
mixed-to-improper ← improper-to-mixed
add-mixed ← mixed-to-improper
sub-mixed ← add-mixed
mult-fractions ← sub-mixed
div-fractions ← mult-fractions
fraction-words ← div-fractions
decimal-place-value ← fraction-words
read-decimals ← decimal-place-value
compare-decimals ← read-decimals
round-decimals ← compare-decimals
add-decimals ← round-decimals
sub-decimals ← add-decimals
mult-decimals ← sub-decimals
div-decimal-by-whole ← mult-decimals
div-by-decimal ← div-decimal-by-whole
fraction-to-decimal ← div-by-decimal
decimal-to-fraction ← fraction-to-decimal
money-problems ← decimal-to-fraction
percent-meaning ← money-problems
percent-to-decimal ← percent-meaning
decimal-to-percent ← percent-to-decimal
percent-to-fraction ← decimal-to-percent
percent-of ← percent-to-fraction
find-the-percent ← percent-of
find-the-whole ← find-the-percent
percent-change ← find-the-whole
discount-tax-tip ← percent-change
simple-interest ← discount-tax-tip
write-ratios ← simple-interest
simplify-ratios ← write-ratios
unit-rate ← simplify-ratios
solve-proportions ← unit-rate
scale-drawings ← solve-proportions
unit-conversion ← scale-drawings
ratio-words ← unit-conversion
exponent-meaning ← ratio-words
evaluate-powers ← exponent-meaning
perfect-squares ← evaluate-powers
estimate-roots ← perfect-squares
exponent-multiply ← estimate-roots
exponent-divide ← exponent-multiply
power-of-power ← exponent-divide
zero-neg-exponents ← power-of-power
scientific-notation ← zero-neg-exponents
pemdas-exponents ← scientific-notation
variable-meaning ← pemdas-exponents
evaluate-expression ← variable-meaning
words-to-expression ← evaluate-expression
identify-like-terms ← words-to-expression
combine-like-terms ← identify-like-terms
distributive ← combine-like-terms
distribute-negative ← distributive
factor-gcf ← distribute-negative
equation-balance ← factor-gcf
one-step-addsub ← equation-balance
one-step-multdiv ← one-step-addsub
two-step ← one-step-multdiv
vars-both-sides ← two-step
equation-parentheses ← vars-both-sides
with-fractions ← equation-parentheses
special-solutions ← with-fractions
equation-words ← special-solutions
rearrange-formula ← equation-words
inequality-symbols ← rearrange-formula
graph-inequality ← inequality-symbols
solve-one-step-ineq ← graph-inequality
solve-multi-step-ineq ← solve-one-step-ineq
flip-the-sign ← solve-multi-step-ineq
compound-inequalities ← flip-the-sign
plot-points ← compound-inequalities
quadrants ← plot-points
table-to-graph ← quadrants
slope-from-graph ← table-to-graph
slope-from-points ← slope-from-graph
y-intercept ← slope-from-points
slope-intercept ← y-intercept
graph-from-equation ← slope-intercept
equation-from-graph ← graph-from-equation
parallel-perpendicular ← equation-from-graph
system-by-graphing ← parallel-perpendicular
substitution ← system-by-graphing
elimination ← substitution
system-words ← elimination
add-polynomials ← system-words
sub-polynomials ← add-polynomials
mult-monomial ← sub-polynomials
foil ← mult-monomial
factor-gcf-poly ← foil
factor-trinomial ← factor-gcf-poly
difference-of-squares ← factor-trinomial
solve-by-factoring ← difference-of-squares
quadratic-formula ← solve-by-factoring
function-notation ← quadratic-formula
evaluate-function ← function-notation
domain-range ← evaluate-function
linear-vs-nonlinear ← domain-range
compare-functions ← linear-vs-nonlinear
perimeter ← compare-functions
area-rectangle ← perimeter
area-triangle ← area-rectangle
area-parallelogram-trapezoid ← area-triangle
circumference ← area-parallelogram-trapezoid
area-circle ← circumference
composite-figures ← area-circle
volume-prism ← composite-figures
volume-cylinder ← volume-prism
volume-cone-pyramid-sphere ← volume-cylinder
surface-area ← volume-cone-pyramid-sphere
pythagorean ← surface-area
similar-figures ← pythagorean
mean ← similar-figures
median ← mean
mode-range ← median
weighted-mean ← mode-range
read-bar-line ← weighted-mean
read-scatterplot ← read-bar-line
basic-probability ← read-scatterplot
compound-probability ← basic-probability
counting-outcomes ← compound-probability
calculator-skills ← counting-outcomes
formula-sheet ← calculator-skills
review-quantitative ← formula-sheet
review-algebraic ← review-quantitative
timed-practice-1 ← review-algebraic
timed-practice-2 ← timed-practice-1"
`;
