// Vitest Snapshot v1, https://vitest.dev/guide/snapshot.html

exports[`the unlock graph the store gates on > matches the committed snapshot for the skills that are built 1`] = `
{
  "absolute-value": [
    "div-negatives",
  ],
  "add-2digit-carry": [
    "add-2digit-nocarry",
  ],
  "add-2digit-nocarry": [
    "add-tens",
  ],
  "add-3digit": [
    "add-2digit-carry",
  ],
  "add-decimals": [
    "round-decimals",
  ],
  "add-facts": [
    "add-facts-small",
  ],
  "add-facts-small": [
    "round-to-100",
  ],
  "add-frac-diff-den": [
    "common-denominator",
  ],
  "add-frac-same-den": [
    "compare-diff-den",
  ],
  "add-mixed": [
    "mixed-to-improper",
  ],
  "add-neg-pos": [
    "compare-negatives",
  ],
  "add-polynomials": [
    "system-words",
  ],
  "add-tens": [
    "add-facts",
  ],
  "add-three-numbers": [
    "add-3digit",
  ],
  "add-two-negs": [
    "add-neg-pos",
  ],
  "add-words": [
    "add-three-numbers",
  ],
  "combine-like-terms": [
    "identify-like-terms",
  ],
  "common-denominator": [
    "sub-frac-same-den",
  ],
  "compare-decimals": [
    "read-decimals",
  ],
  "compare-diff-den": [
    "compare-same-den",
  ],
  "compare-negatives": [
    "negatives-numberline",
  ],
  "compare-numbers": [
    "expanded-form",
  ],
  "compare-same-den": [
    "simplify-fractions",
  ],
  "compound-inequalities": [
    "flip-the-sign",
  ],
  "decimal-place-value": [
    "fraction-words",
  ],
  "decimal-to-fraction": [
    "fraction-to-decimal",
  ],
  "decimal-to-percent": [
    "percent-to-decimal",
  ],
  "discount-tax-tip": [
    "percent-change",
  ],
  "distribute-negative": [
    "distributive",
  ],
  "distributive": [
    "combine-like-terms",
  ],
  "div-by-10-100": [
    "div-remainder",
  ],
  "div-by-decimal": [
    "div-decimal-by-whole",
  ],
  "div-decimal-by-whole": [
    "mult-decimals",
  ],
  "div-facts": [
    "div-meaning",
  ],
  "div-fractions": [
    "mult-fractions",
  ],
  "div-meaning": [
    "mult-words",
  ],
  "div-negatives": [
    "mult-negatives",
  ],
  "div-remainder": [
    "div-facts",
  ],
  "div-words": [
    "primes",
  ],
  "elimination": [
    "substitution",
  ],
  "equation-balance": [
    "factor-gcf",
  ],
  "equation-from-graph": [
    "graph-from-equation",
  ],
  "equation-parentheses": [
    "vars-both-sides",
  ],
  "equation-words": [
    "special-solutions",
  ],
  "equivalent-multiply": [
    "equivalent-visual",
  ],
  "equivalent-visual": [
    "fractions-numberline",
  ],
  "estimate-roots": [
    "perfect-squares",
  ],
  "evaluate-expression": [
    "variable-meaning",
  ],
  "evaluate-powers": [
    "exponent-meaning",
  ],
  "expanded-form": [
    "place-value-hundreds",
  ],
  "exponent-divide": [
    "exponent-multiply",
  ],
  "exponent-meaning": [
    "ratio-words",
  ],
  "exponent-multiply": [
    "estimate-roots",
  ],
  "factor-gcf": [
    "distribute-negative",
  ],
  "factor-gcf-poly": [
    "foil",
  ],
  "factor-trinomial": [
    "factor-gcf-poly",
  ],
  "factors": [
    "long-div-2digit",
  ],
  "find-the-percent": [
    "percent-of",
  ],
  "find-the-whole": [
    "find-the-percent",
  ],
  "flip-the-sign": [
    "solve-multi-step-ineq",
  ],
  "foil": [
    "mult-monomial",
  ],
  "fraction-meaning": [
    "negatives-mixed",
  ],
  "fraction-of-shape": [
    "fraction-meaning",
  ],
  "fraction-to-decimal": [
    "div-by-decimal",
  ],
  "fraction-words": [
    "div-fractions",
  ],
  "fractions-numberline": [
    "name-parts",
  ],
  "graph-from-equation": [
    "slope-intercept",
  ],
  "graph-inequality": [
    "inequality-symbols",
  ],
  "identify-like-terms": [
    "words-to-expression",
  ],
  "improper-to-mixed": [
    "sub-frac-diff-den",
  ],
  "inequality-symbols": [
    "rearrange-formula",
  ],
  "long-div-1digit": [
    "div-by-10-100",
  ],
  "long-div-2digit": [
    "long-div-remainder",
  ],
  "long-div-remainder": [
    "long-div-1digit",
  ],
  "mixed-to-improper": [
    "improper-to-mixed",
  ],
  "money-problems": [
    "decimal-to-fraction",
  ],
  "mult-2by1": [
    "mult-by-10-100",
  ],
  "mult-2by2": [
    "mult-2by1",
  ],
  "mult-by-10-100": [
    "times-mixed",
  ],
  "mult-decimals": [
    "sub-decimals",
  ],
  "mult-fractions": [
    "sub-mixed",
  ],
  "mult-meaning": [
    "sub-words",
  ],
  "mult-monomial": [
    "sub-polynomials",
  ],
  "mult-negatives": [
    "sub-negatives",
  ],
  "mult-words": [
    "mult-2by2",
  ],
  "multiples": [
    "factors",
  ],
  "name-parts": [
    "fraction-of-shape",
  ],
  "negatives-mixed": [
    "absolute-value",
  ],
  "negatives-numberline": [
    "pemdas",
  ],
  "one-step-addsub": [
    "equation-balance",
  ],
  "one-step-multdiv": [
    "one-step-addsub",
  ],
  "order-numbers": [
    "compare-numbers",
  ],
  "parallel-perpendicular": [
    "equation-from-graph",
  ],
  "pemdas": [
    "with-parentheses",
  ],
  "pemdas-exponents": [
    "scientific-notation",
  ],
  "percent-change": [
    "find-the-whole",
  ],
  "percent-meaning": [
    "money-problems",
  ],
  "percent-of": [
    "percent-to-fraction",
  ],
  "percent-to-decimal": [
    "percent-meaning",
  ],
  "percent-to-fraction": [
    "decimal-to-percent",
  ],
  "perfect-squares": [
    "evaluate-powers",
  ],
  "place-value-hundreds": [
    "place-value-tens",
  ],
  "place-value-tens": [
    "read-numbers",
  ],
  "plot-points": [
    "compound-inequalities",
  ],
  "power-of-power": [
    "exponent-divide",
  ],
  "primes": [
    "multiples",
  ],
  "quadrants": [
    "plot-points",
  ],
  "ratio-words": [
    "unit-conversion",
  ],
  "read-decimals": [
    "decimal-place-value",
  ],
  "read-numbers": [],
  "rearrange-formula": [
    "equation-words",
  ],
  "round-decimals": [
    "compare-decimals",
  ],
  "round-to-10": [
    "order-numbers",
  ],
  "round-to-100": [
    "round-to-10",
  ],
  "scale-drawings": [
    "solve-proportions",
  ],
  "scientific-notation": [
    "zero-neg-exponents",
  ],
  "simple-interest": [
    "discount-tax-tip",
  ],
  "simplify-fractions": [
    "equivalent-multiply",
  ],
  "simplify-ratios": [
    "write-ratios",
  ],
  "slope-from-graph": [
    "table-to-graph",
  ],
  "slope-from-points": [
    "slope-from-graph",
  ],
  "slope-intercept": [
    "y-intercept",
  ],
  "solve-multi-step-ineq": [
    "solve-one-step-ineq",
  ],
  "solve-one-step-ineq": [
    "graph-inequality",
  ],
  "solve-proportions": [
    "unit-rate",
  ],
  "special-solutions": [
    "with-fractions",
  ],
  "sub-2digit-borrow": [
    "sub-2digit-noborrow",
  ],
  "sub-2digit-noborrow": [
    "sub-tens",
  ],
  "sub-3digit-borrow": [
    "sub-2digit-borrow",
  ],
  "sub-across-zero": [
    "sub-3digit-borrow",
  ],
  "sub-decimals": [
    "add-decimals",
  ],
  "sub-facts": [
    "sub-facts-small",
  ],
  "sub-facts-small": [
    "add-words",
  ],
  "sub-frac-diff-den": [
    "add-frac-diff-den",
  ],
  "sub-frac-same-den": [
    "add-frac-same-den",
  ],
  "sub-mixed": [
    "add-mixed",
  ],
  "sub-negatives": [
    "add-two-negs",
  ],
  "sub-polynomials": [
    "add-polynomials",
  ],
  "sub-tens": [
    "sub-facts",
  ],
  "sub-words": [
    "sub-across-zero",
  ],
  "substitution": [
    "system-by-graphing",
  ],
  "system-by-graphing": [
    "parallel-perpendicular",
  ],
  "system-words": [
    "elimination",
  ],
  "table-to-graph": [
    "quadrants",
  ],
  "times-10": [
    "times-2",
  ],
  "times-2": [
    "mult-meaning",
  ],
  "times-3": [
    "times-5",
  ],
  "times-4": [
    "times-3",
  ],
  "times-5": [
    "times-10",
  ],
  "times-6": [
    "times-4",
  ],
  "times-7-8": [
    "times-9",
  ],
  "times-9": [
    "times-6",
  ],
  "times-mixed": [
    "times-7-8",
  ],
  "two-operations": [
    "div-words",
  ],
  "two-step": [
    "one-step-multdiv",
  ],
  "unit-conversion": [
    "scale-drawings",
  ],
  "unit-rate": [
    "simplify-ratios",
  ],
  "variable-meaning": [
    "pemdas-exponents",
  ],
  "vars-both-sides": [
    "two-step",
  ],
  "with-fractions": [
    "equation-parentheses",
  ],
  "with-parentheses": [
    "two-operations",
  ],
  "words-to-expression": [
    "evaluate-expression",
  ],
  "write-ratios": [
    "simple-interest",
  ],
  "y-intercept": [
    "slope-from-points",
  ],
  "zero-neg-exponents": [
    "power-of-power",
  ],
}
`;
